hello Git
hello again Git
hello aaa
